<?xml version="1.0" encoding="UTF-8" standalone="yes" ?>

<inet:Report xmlns:inet="http://www.inetsoftware.de" major_version="8" minor_version="0" major_xml_version="7" minor_xml_version="9" count="3" id="0">
    <Datasource dll="dsfutsal_configuration.dll">
      <DataSourceConfiguration name="dsfutsal">
        <property name="aliasToken" value=""/>
        <property name="useCursorFetch" value="false"/>
        <property name="emulateLocators" value="false"/>
        <property name="host" value="localhost"/>
        <property name="noTimezoneConversionForTimeType" value="false"/>
        <property name="url" value="jdbc:mysql://{host}:{port}/{database}"/>
        <property name="connectionCollation" value=""/>
        <property name="prepStmtCacheSize" value="25"/>
        <property name="databaseClassName" value=""/>
        <property name="locatorFetchBufferSize" value="1048576"/>
        <property name="supportsOrderBy" value="true"/>
        <property name="defaultFetchSize" value="0"/>
        <property name="supportsSQL92" value="true"/>
        <property name="maxRows" value="-1"/>
        <property name="prepStmtCacheSqlLimit" value="256"/>
        <property name="paranoid" value="false"/>
        <property name="characterEncoding" value=""/>
        <property name="metadataCacheSize" value="50"/>
        <property name="dynamicCalendars" value="false"/>
        <property name="connectTimeout" value="0"/>
        <property name="blobSendChunkSize" value="1048576"/>
        <property name="validationQuery" value=""/>
        <property name="zeroDateTimeBehavior" value="exception"/>
        <property name="sessionVariables" value=""/>
        <property name="useFastIntParsing" value="true"/>
        <property name="useReadAheadInput" value="true"/>
        <property name="driverLibrary" value=""/>
        <property name="useGmtMillisForDatetimes" value="false"/>
        <property name="useCompression" value="false"/>
        <property name="clobCharacterEncoding" value=""/>
        <property name="useUnicode" value="true"/>
        <property name="driverClassName" value="com.mysql.jdbc.Driver"/>
        <property name="user" value="root"/>
        <property name="autoDeserialize" value="false"/>
        <property name="supportsWhere" value="true"/>
        <property name="emptyStringsConvertToZero" value="true"/>
        <property name="password" value="00EADDBABC8E481FC0A88CFC343FFC2901EADD46DA73E54C5FD70B67904A0FC84B"/>
        <property name="cacheCallableStmts" value="false"/>
        <property name="identifierQuoteString" value=""/>
        <property name="port" value="3306"/>
        <property name="quotesLowerCase" value="false"/>
        <property name="useTimezone" value="false"/>
        <property name="socketTimeout" value="0"/>
        <property name="database" value="db_futsal"/>
        <property name="requireSSL" value="false"/>
        <property name="useSSL" value="false"/>
        <property name="serverTimezone" value=""/>
        <property name="supportsParenthesesForJoin" value="true"/>
        <property name="savePassword" value="true"/>
      </DataSourceConfiguration>
      <Tablesource alias="tbl_lapangan_badminton" databaseIdentifier="tbl_lapangan_badminton">
        <Column name="Kd_Lapangan" type="11" description="Kd_Lapangan" />
        <Column name="Nm_Lapangan" type="11" description="Nm_Lapangan" />
        <Column name="Jenis_Lapangan" type="11" description="Jenis_Lapangan" />
        <Column name="Harga" type="6" description="Harga" />
      </Tablesource>
      <Tablesource alias="tbl_booking_badminton" databaseIdentifier="tbl_booking_badminton">
        <Column name="No_Transaksi" type="11" description="No_Transaksi" />
        <Column name="Tanggal_Booking" type="9" description="Tanggal_Booking" />
        <Column name="Nama" type="11" description="Nama" />
        <Column name="Lama" type="11" description="Lama" />
        <Column name="Jam_Mulai" type="11" description="Jam_Mulai" />
        <Column name="Jam_Selesai" type="11" description="Jam_Selesai" />
        <Column name="Kd_Lapangan" type="11" description="Kd_Lapangan" />
        <Column name="Harga" type="11" description="Harga" />
        <Column name="Total" type="6" description="Total" />
        <Column name="DP" type="6" description="DP" />
        <Column name="Sisa_Pembayaran" type="6" description="Sisa_Pembayaran" />
      </Tablesource>
    </Datasource>
  <Database>

    <Join from="tbl_lapangan_badminton" to="tbl_booking_badminton" type="inn">
      <Link from="Kd_Lapangan" to="Kd_Lapangan" type="eq"/>
    </Join>
    <QueryChanges mask="0" count="2">
      <Attribute name="queryChange" value="null"/>
      <Attribute name="queryChange" value="null"/>
    </QueryChanges>
  </Database>
  <FormulaFields count="0">
  </FormulaFields>

  <PromptFields count="1">
    <Field type="PromptVarField" valueType="11">
      <Attribute name="name" value="prompt0"/>
      <Attribute name="allow_multiple_values" value="false"/>
      <Attribute name="discrete_or_range" value="0"/>
      <Attribute name="allow editing" value="true"/>
      <Attribute name="description_only" value="false"/>
      <Attribute name="edit mask" value=""/>
      <Attribute name="prompt_text" value=""/>
      <Attribute name="use_range" value="false"/>
    </Field>
  </PromptFields>

  <SQLFields count="0">
  </SQLFields>

  <SortFields count="0">
  </SortFields>

  <ReportProperties>
    <Attribute name="page width" value="12240"/>
    <Attribute name="page height" value="15840"/>
    <Attribute name="page orientation" value="1"/>
    <Attribute name="page margin left" value="720"/>
    <Attribute name="page margin right" value="720"/>
    <Attribute name="page margin top" value="720"/>
    <Attribute name="page margin bottom" value="720"/>
    <Attribute name="report title" value="Report4"/>
    <Attribute name="report last saved" value="5 Jan 2023 19:57:20 GMT"/>
    <Attribute name="report created" value="5 Jan 2023 19:49:48 GMT"/>
    <Attribute name="mailing label type 1" value=""/>
    <Attribute name="mailing label type 2" value=""/>
    <Attribute name="format with multiple columns" value="false"/>
    <Attribute name="mailing label width" value="0"/>
    <Attribute name="mailing label height" value="0"/>
    <Attribute name="mailing label distance vertical" value="0"/>
    <Attribute name="mailing label distance horizontal" value="0"/>
    <Attribute name="across then down" value="false"/>
    <Attribute name="format groups with multiple columns" value="false"/>
    <Attribute name="distinct" value="false"/>
    <Attribute name="ignore filtering" value="false"/>
    <Attribute name="ignore sorting" value="false"/>
    <Attribute name="convert date time" value="0"/>
    <Attribute name="suppress if no rows" value="false"/>
    <Attribute name="convert null values to default" value="false"/>
    <Attribute name="hide PageFooter inside ReportHeader" value="false"/>
    <Attribute name="form print" value="false"/>
    <Attribute name="printing enabled" value="true"/>
    <Attribute name="clipboard enabled" value="true"/>
    <Attribute name="export enabled" value="true"/>
    <Attribute name="group tree visible" value="true"/>
  </ReportProperties>
  <AreaPair type="PageAreaPair" id="0">
    <Area type="PageHeader" count="1">
      <Section type="PageHeader" count="28" width="10800" height="800" id="0">
        <Element type="Text" count="1" x_position="120" y_position="450" width="642" height="240">
          <Element type="Paragraph" count="1">
            <CommonProperties>
              <Attribute name="horizontal align" value="1"/>
            </CommonProperties>
            <Element type="TextPart">
            <![CDATA[No_Transaksi]]>
            </Element>
          </Element>
        </Element>
        <Element type="Line" x2_position="822" y2_position="30" x_position="822" y_position="450" width="0" height="0">
          <CommonProperties>
            <Attribute name="horizontal align" value="1"/>
          </CommonProperties>
          <LineProperties>
            <Attribute name="id" value="3"/>
          </LineProperties>
        </Element>
        <Element type="Text" count="1" x_position="882" y_position="450" width="642" height="240">
          <Element type="Paragraph" count="1">
            <CommonProperties>
              <Attribute name="horizontal align" value="1"/>
            </CommonProperties>
            <Element type="TextPart">
            <![CDATA[Tanggal_Booking]]>
            </Element>
          </Element>
        </Element>
        <Element type="Line" x2_position="1584" y2_position="30" x_position="1584" y_position="450" width="0" height="0">
          <CommonProperties>
            <Attribute name="horizontal align" value="1"/>
          </CommonProperties>
          <LineProperties>
            <Attribute name="id" value="3"/>
          </LineProperties>
        </Element>
        <Element type="Text" count="1" x_position="1644" y_position="450" width="642" height="240">
          <Element type="Paragraph" count="1">
            <CommonProperties>
              <Attribute name="horizontal align" value="1"/>
            </CommonProperties>
            <Element type="TextPart">
            <![CDATA[Nama]]>
            </Element>
          </Element>
        </Element>
        <Element type="Line" x2_position="2346" y2_position="30" x_position="2346" y_position="450" width="0" height="0">
          <CommonProperties>
            <Attribute name="horizontal align" value="1"/>
          </CommonProperties>
          <LineProperties>
            <Attribute name="id" value="3"/>
          </LineProperties>
        </Element>
        <Element type="Text" count="1" x_position="2406" y_position="450" width="642" height="240">
          <Element type="Paragraph" count="1">
            <CommonProperties>
              <Attribute name="horizontal align" value="1"/>
            </CommonProperties>
            <Element type="TextPart">
            <![CDATA[Lama]]>
            </Element>
          </Element>
        </Element>
        <Element type="Line" x2_position="3108" y2_position="30" x_position="3108" y_position="450" width="0" height="0">
          <CommonProperties>
            <Attribute name="horizontal align" value="1"/>
          </CommonProperties>
          <LineProperties>
            <Attribute name="id" value="3"/>
          </LineProperties>
        </Element>
        <Element type="Text" count="1" x_position="3168" y_position="450" width="642" height="240">
          <Element type="Paragraph" count="1">
            <CommonProperties>
              <Attribute name="horizontal align" value="1"/>
            </CommonProperties>
            <Element type="TextPart">
            <![CDATA[Jam_Mulai]]>
            </Element>
          </Element>
        </Element>
        <Element type="Line" x2_position="3870" y2_position="30" x_position="3870" y_position="450" width="0" height="0">
          <CommonProperties>
            <Attribute name="horizontal align" value="1"/>
          </CommonProperties>
          <LineProperties>
            <Attribute name="id" value="3"/>
          </LineProperties>
        </Element>
        <Element type="Text" count="1" x_position="3930" y_position="450" width="642" height="240">
          <Element type="Paragraph" count="1">
            <CommonProperties>
              <Attribute name="horizontal align" value="1"/>
            </CommonProperties>
            <Element type="TextPart">
            <![CDATA[Jam_Selesai]]>
            </Element>
          </Element>
        </Element>
        <Element type="Line" x2_position="4632" y2_position="30" x_position="4632" y_position="450" width="0" height="0">
          <CommonProperties>
            <Attribute name="horizontal align" value="1"/>
          </CommonProperties>
          <LineProperties>
            <Attribute name="id" value="3"/>
          </LineProperties>
        </Element>
        <Element type="Text" count="1" x_position="4692" y_position="450" width="642" height="240">
          <Element type="Paragraph" count="1">
            <CommonProperties>
              <Attribute name="horizontal align" value="1"/>
            </CommonProperties>
            <Element type="TextPart">
            <![CDATA[Kd_Lapangan]]>
            </Element>
          </Element>
        </Element>
        <Element type="Line" x2_position="5394" y2_position="30" x_position="5394" y_position="450" width="0" height="0">
          <CommonProperties>
            <Attribute name="horizontal align" value="1"/>
          </CommonProperties>
          <LineProperties>
            <Attribute name="id" value="3"/>
          </LineProperties>
        </Element>
        <Element type="Text" count="1" x_position="5454" y_position="450" width="642" height="240">
          <Element type="Paragraph" count="1">
            <CommonProperties>
              <Attribute name="horizontal align" value="1"/>
            </CommonProperties>
            <Element type="TextPart">
            <![CDATA[Nm_Lapangan]]>
            </Element>
          </Element>
        </Element>
        <Element type="Line" x2_position="6156" y2_position="30" x_position="6156" y_position="450" width="0" height="0">
          <CommonProperties>
            <Attribute name="horizontal align" value="1"/>
          </CommonProperties>
          <LineProperties>
            <Attribute name="id" value="3"/>
          </LineProperties>
        </Element>
        <Element type="Text" count="1" x_position="6216" y_position="450" width="642" height="240">
          <Element type="Paragraph" count="1">
            <CommonProperties>
              <Attribute name="horizontal align" value="1"/>
            </CommonProperties>
            <Element type="TextPart">
            <![CDATA[Jenis_Lapangan]]>
            </Element>
          </Element>
        </Element>
        <Element type="Line" x2_position="6918" y2_position="30" x_position="6918" y_position="450" width="0" height="0">
          <CommonProperties>
            <Attribute name="horizontal align" value="1"/>
          </CommonProperties>
          <LineProperties>
            <Attribute name="id" value="3"/>
          </LineProperties>
        </Element>
        <Element type="Text" count="1" x_position="6978" y_position="450" width="642" height="240">
          <Element type="Paragraph" count="1">
            <CommonProperties>
              <Attribute name="horizontal align" value="1"/>
            </CommonProperties>
            <Element type="TextPart">
            <![CDATA[Harga]]>
            </Element>
          </Element>
        </Element>
        <Element type="Line" x2_position="7680" y2_position="30" x_position="7680" y_position="450" width="0" height="0">
          <CommonProperties>
            <Attribute name="horizontal align" value="1"/>
          </CommonProperties>
          <LineProperties>
            <Attribute name="id" value="3"/>
          </LineProperties>
        </Element>
        <Element type="Text" count="1" x_position="7740" y_position="450" width="642" height="240">
          <Element type="Paragraph" count="1">
            <CommonProperties>
              <Attribute name="horizontal align" value="1"/>
            </CommonProperties>
            <Element type="TextPart">
            <![CDATA[Total]]>
            </Element>
          </Element>
        </Element>
        <Element type="Line" x2_position="8442" y2_position="30" x_position="8442" y_position="450" width="0" height="0">
          <CommonProperties>
            <Attribute name="horizontal align" value="1"/>
          </CommonProperties>
          <LineProperties>
            <Attribute name="id" value="3"/>
          </LineProperties>
        </Element>
        <Element type="Text" count="1" x_position="8502" y_position="450" width="642" height="240">
          <Element type="Paragraph" count="1">
            <CommonProperties>
              <Attribute name="horizontal align" value="1"/>
            </CommonProperties>
            <Element type="TextPart">
            <![CDATA[DP]]>
            </Element>
          </Element>
        </Element>
        <Element type="Line" x2_position="9204" y2_position="30" x_position="9204" y_position="450" width="0" height="0">
          <CommonProperties>
            <Attribute name="horizontal align" value="1"/>
          </CommonProperties>
          <LineProperties>
            <Attribute name="id" value="3"/>
          </LineProperties>
        </Element>
        <Element type="Text" count="1" x_position="9264" y_position="450" width="642" height="240">
          <Element type="Paragraph" count="1">
            <CommonProperties>
              <Attribute name="horizontal align" value="1"/>
            </CommonProperties>
            <Element type="TextPart">
            <![CDATA[Harga]]>
            </Element>
          </Element>
        </Element>
        <Element type="Line" x2_position="9966" y2_position="30" x_position="9966" y_position="450" width="0" height="0">
          <CommonProperties>
            <Attribute name="horizontal align" value="1"/>
          </CommonProperties>
          <LineProperties>
            <Attribute name="id" value="3"/>
          </LineProperties>
        </Element>
        <Element type="Text" count="1" x_position="10026" y_position="450" width="642" height="240">
          <Element type="Paragraph" count="1">
            <CommonProperties>
              <Attribute name="horizontal align" value="1"/>
            </CommonProperties>
            <Element type="TextPart">
            <![CDATA[Sisa_Pembayaran]]>
            </Element>
          </Element>
        </Element>
        <Element type="Box" x2_position="10800" y2_position="0" x_position="0" y_position="450" width="0" height="0">
          <BoxProperties>
            <Attribute name="close border on page break" value="true"/>
              <LineProperties>
                <Attribute name="id" value="3"/>
              </LineProperties>
          </BoxProperties>
        </Element>
      </Section>
    </Area>
    <Area type="PageFooter" count="1">
      <Section type="PageFooter" count="0" width="10800" height="800" id="1">
      </Section>
    </Area>
  </AreaPair>

  <AreaPair type="ReportAreaPair" id="0">
    <Area type="ReportHeader" count="1">
      <Section type="ReportHeader" count="4" width="10800" height="1650" id="2">
        <Element type="Text" count="1" x_position="2400" y_position="150" width="6300" height="450">
          <Element type="Paragraph" count="1">
            <CommonProperties>
              <Attribute name="horizontal align" value="2"/>
            </CommonProperties>
            <Element type="TextPart">
              <FontProperties>
                <Attribute name="font name" value="Dialog"/>
                <Attribute name="font size" value="320"/>
                <Attribute name="font style" value="1"/>
              </FontProperties>
            <![CDATA[DINO SPORT CENTER PADANG]]>
            </Element>
          </Element>
        </Element>
        <Element type="Text" count="1" x_position="2250" y_position="600" width="6900" height="450">
          <Element type="Paragraph" count="1">
            <CommonProperties>
              <Attribute name="horizontal align" value="2"/>
            </CommonProperties>
            <Element type="TextPart">
              <FontProperties>
                <Attribute name="font name" value="Dialog"/>
                <Attribute name="font size" value="280"/>
              </FontProperties>
            <![CDATA[Jl .Rawang Ketaping No.20 , Padang , Sumatera Barat]]>
            </Element>
          </Element>
        </Element>
        <Element type="Line" x2_position="10800" y2_position="1050" x_position="300" y_position="1050" width="0" height="0">
          <LineProperties>
            <Attribute name="style" value="2"/>
          </LineProperties>
        </Element>
        <Element type="Text" count="1" x_position="3450" y_position="1200" width="4500" height="300">
          <Element type="Paragraph" count="1">
            <CommonProperties>
              <Attribute name="horizontal align" value="2"/>
            </CommonProperties>
            <Element type="TextPart">
              <FontProperties>
                <Attribute name="font name" value="sansserif"/>
                <Attribute name="font size" value="280"/>
              </FontProperties>
            <![CDATA[Laporan Data Booking Badminton]]>
            </Element>
          </Element>
        </Element>
      </Section>
    </Area>
    <Area type="ReportFooter" count="1">
      <Section type="ReportFooter" count="4" width="10800" height="2100" id="3">
        <Element type="Text" count="1" x_position="8100" y_position="150" width="1050" height="300">
          <Element type="Paragraph" count="1">
            <CommonProperties>
              <Attribute name="horizontal align" value="2"/>
            </CommonProperties>
            <Element type="TextPart">
              <FontProperties>
                <Attribute name="font size" value="240"/>
              </FontProperties>
            <![CDATA[Padang ,]]>
            </Element>
          </Element>
        </Element>
        <Element type="FieldElement" x_position="9300" y_position="150" width="1200" height="300">
          <CommonProperties>
            <Attribute name="horizontal align" value="1"/>
          </CommonProperties>
          <FontProperties>
            <Attribute name="font size" value="240"/>
          </FontProperties>
          <Reference name="field" type="SpecialVarField" id="0"/>
        </Element>
        <Element type="Text" count="1" x_position="8400" y_position="600" width="1800" height="300">
          <Element type="Paragraph" count="1">
            <CommonProperties>
              <Attribute name="horizontal align" value="2"/>
            </CommonProperties>
            <Element type="TextPart">
              <FontProperties>
                <Attribute name="font name" value="sansserif"/>
                <Attribute name="font size" value="240"/>
              </FontProperties>
            <![CDATA[Pimpinan]]>
            </Element>
          </Element>
        </Element>
        <Element type="Text" count="1" x_position="8250" y_position="1500" width="2250" height="300">
          <Element type="Paragraph" count="3">
            <CommonProperties>
              <Attribute name="horizontal align" value="1"/>
            </CommonProperties>
            <Element type="TextPart">
            <![CDATA[   (         ]]>
            </Element>
            <Element type="FieldPart">
              <Reference name="field" type="PromptVarField" refname="?prompt0"/>
            </Element>
            <Element type="TextPart">
            <![CDATA[              )]]>
            </Element>
          </Element>
        </Element>
      </Section>
    </Area>
  </AreaPair>

  <AreaPair type="DetailArea" id="1">
    <Area type="Detail" count="1">
      <Section type="Detail" count="15" width="10800" height="400" id="4">
        <Element type="FieldElement" x_position="120" y_position="120" width="642" height="240">
          <CommonProperties>
            <Attribute name="horizontal align" value="1"/>
          </CommonProperties>
          <Reference name="field" type="DatabaseField" refname="tbl_booking_badminton.No_Transaksi"/>
        </Element>
        <Element type="FieldElement" x_position="882" y_position="120" width="642" height="240">
          <CommonProperties>
            <Attribute name="horizontal align" value="1"/>
          </CommonProperties>
          <Reference name="field" type="DatabaseField" refname="tbl_booking_badminton.Tanggal_Booking"/>
        </Element>
        <Element type="FieldElement" x_position="1644" y_position="120" width="642" height="240">
          <CommonProperties>
            <Attribute name="horizontal align" value="1"/>
          </CommonProperties>
          <Reference name="field" type="DatabaseField" refname="tbl_booking_badminton.Nama"/>
        </Element>
        <Element type="FieldElement" x_position="2406" y_position="120" width="642" height="240">
          <CommonProperties>
            <Attribute name="horizontal align" value="1"/>
          </CommonProperties>
          <Reference name="field" type="DatabaseField" refname="tbl_booking_badminton.Lama"/>
        </Element>
        <Element type="FieldElement" x_position="3168" y_position="120" width="642" height="240">
          <CommonProperties>
            <Attribute name="horizontal align" value="1"/>
          </CommonProperties>
          <Reference name="field" type="DatabaseField" refname="tbl_booking_badminton.Jam_Mulai"/>
        </Element>
        <Element type="FieldElement" x_position="3930" y_position="120" width="642" height="240">
          <CommonProperties>
            <Attribute name="horizontal align" value="1"/>
          </CommonProperties>
          <Reference name="field" type="DatabaseField" refname="tbl_booking_badminton.Jam_Selesai"/>
        </Element>
        <Element type="FieldElement" x_position="4692" y_position="120" width="642" height="240">
          <CommonProperties>
            <Attribute name="horizontal align" value="1"/>
          </CommonProperties>
          <Reference name="field" type="DatabaseField" refname="tbl_lapangan_badminton.Kd_Lapangan"/>
        </Element>
        <Element type="FieldElement" x_position="5454" y_position="120" width="642" height="240">
          <CommonProperties>
            <Attribute name="horizontal align" value="1"/>
          </CommonProperties>
          <Reference name="field" type="DatabaseField" refname="tbl_lapangan_badminton.Nm_Lapangan"/>
        </Element>
        <Element type="FieldElement" x_position="6216" y_position="120" width="642" height="240">
          <CommonProperties>
            <Attribute name="horizontal align" value="1"/>
          </CommonProperties>
          <Reference name="field" type="DatabaseField" refname="tbl_lapangan_badminton.Jenis_Lapangan"/>
        </Element>
        <Element type="FieldElement" x_position="6978" y_position="120" width="642" height="240">
          <CommonProperties>
            <Attribute name="horizontal align" value="1"/>
          </CommonProperties>
          <Reference name="field" type="DatabaseField" refname="tbl_booking_badminton.Harga"/>
        </Element>
        <Element type="FieldElement" x_position="7740" y_position="120" width="642" height="240">
          <CommonProperties>
            <Attribute name="horizontal align" value="1"/>
          </CommonProperties>
          <NumberProperties>
            <Attribute name="thousand seperators symbol" value=","/>
            <Attribute name="decimal seperators symbol" value="."/>
            <Attribute name="currency symbol" value="¤"/>
          </NumberProperties>
          <Reference name="field" type="DatabaseField" refname="tbl_booking_badminton.Total"/>
        </Element>
        <Element type="FieldElement" x_position="8502" y_position="120" width="642" height="240">
          <CommonProperties>
            <Attribute name="horizontal align" value="1"/>
          </CommonProperties>
          <NumberProperties>
            <Attribute name="thousand seperators symbol" value=","/>
            <Attribute name="decimal seperators symbol" value="."/>
            <Attribute name="currency symbol" value="¤"/>
          </NumberProperties>
          <Reference name="field" type="DatabaseField" refname="tbl_booking_badminton.DP"/>
        </Element>
        <Element type="FieldElement" x_position="9264" y_position="120" width="642" height="240">
          <CommonProperties>
            <Attribute name="horizontal align" value="1"/>
          </CommonProperties>
          <NumberProperties>
            <Attribute name="thousand seperators symbol" value=","/>
            <Attribute name="decimal seperators symbol" value="."/>
            <Attribute name="currency symbol" value="¤"/>
          </NumberProperties>
          <Reference name="field" type="DatabaseField" refname="tbl_lapangan_badminton.Harga"/>
        </Element>
        <Element type="FieldElement" x_position="10026" y_position="120" width="642" height="240">
          <CommonProperties>
            <Attribute name="horizontal align" value="1"/>
          </CommonProperties>
          <NumberProperties>
            <Attribute name="thousand seperators symbol" value=","/>
            <Attribute name="decimal seperators symbol" value="."/>
            <Attribute name="currency symbol" value="¤"/>
          </NumberProperties>
          <Reference name="field" type="DatabaseField" refname="tbl_booking_badminton.Sisa_Pembayaran"/>
        </Element>
        <Element type="Line" x2_position="10800" y2_position="0" x_position="0" y_position="0" width="0" height="0">
        </Element>
      </Section>
    </Area>
  </AreaPair>

</inet:Report>
